======================================================================
1. Chargement des données
======================================================================
  Utilisateurs        : 5551
  Items warm          : 13584
  Items cold          : 3396
  Features contenu    : 6493 (sparse, densité 0.086 %)
  Interactions train  : 165679
  Interactions cold T : 44825

Hold-out warm 20 % :
  R_train réduit : 132584
  R_warm_test    : 33095
  R_test_cold    : 44825

======================================================================
2. WMF-ALS  (rang=128, α=40.0, λ=0.01, iter=6)
======================================================================
  [WMF] iter 1/6  sampled_loss≈4.7762
  [WMF] iter 2/6  sampled_loss≈2.4980
  [WMF] iter 3/6  sampled_loss≈2.0541
  [WMF] iter 4/6  sampled_loss≈1.9006
  [WMF] iter 5/6  sampled_loss≈1.8282
  [WMF] iter 6/6  sampled_loss≈1.7873
  WMF entraîné en 53.4s

3. Évaluation WMF (warm seulement)
  WMF warm : R@50:0.4245  R@100:0.5262  R@200:0.6254  R@300:0.6787  R@500:0.7326

======================================================================
4. DropoutNet  τ=0.00  (iters=700, hidden=500)
======================================================================
  [DN τ=0.00] iter 70/700  loss=0.0072
  [DN τ=0.00] iter 140/700  loss=0.0034
  [DN τ=0.00] iter 210/700  loss=0.0015
  [DN τ=0.00] iter 280/700  loss=0.0007
  [DN τ=0.00] iter 350/700  loss=0.0003
  [DN τ=0.00] iter 420/700  loss=0.0002
  [DN τ=0.00] iter 490/700  loss=0.0001
  [DN τ=0.00] iter 560/700  loss=0.0001
  [DN τ=0.00] iter 630/700  loss=0.0001
  [DN τ=0.00] iter 700/700  loss=0.0001
  Entraîné en 123.4s  final_loss=0.0001
  DropoutNet τ=0.00
    warm  R@50:0.4230  R@100:0.5264  R@200:0.6253  R@300:0.6785  R@500:0.7319
    cold  R@50:0.0407  R@100:0.0760  R@200:0.1417  R@300:0.1956  R@500:0.2917

======================================================================
4. DropoutNet  τ=0.30  (iters=700, hidden=500)
======================================================================
  [DN τ=0.30] iter 70/700  loss=0.0083
  [DN τ=0.30] iter 140/700  loss=0.0058
  [DN τ=0.30] iter 210/700  loss=0.0051
  [DN τ=0.30] iter 280/700  loss=0.0047
  [DN τ=0.30] iter 350/700  loss=0.0045
  [DN τ=0.30] iter 420/700  loss=0.0045
  [DN τ=0.30] iter 490/700  loss=0.0044
